<h1>This is an example</h1>

<p>Some text here.</p>
